BGP(
    triple(variable(s), uri<http://example.org#p1>, variable(v1)) ,
    triple(variable(s), uri<http://example.org#p2>, variable(v2))
)
