BGP(
    triple(variable(s), variable(p), variable(o))
)
